[bridge-runner] starting scroll at 2025-12-14T21:03:11.043Z
[bridge-runner] cwd=/home/nodestarq/Projects/warptoad/warp-toad/backend
[bridge-runner] cmd=yarn "workspace" "@warp-toad/backend" "bun" "scripts/dev_op/bridge.ts" "--L1Rpc" "https://sepolia.infura.io/v3/6536160901c7404f8b154ef29eb0cf8d" "--L2Rpc" "https://scroll-sepolia.infura.io/v3/6536160901c7404f8b154ef29eb0cf8d" "--evmPrivatekey" "bb12c3b54f95ef7de8ad9bf4a321e060effde2096acaa1e4d352b78d1bec4636"

$ /home/nodestarq/Projects/warptoad/warp-toad/node_modules/.bin/bun scripts/dev_op/bridge.ts --L1Rpc https://sepolia.infura.io/v3/6536160901c7404f8b154ef29eb0cf8d --L2Rpc https://scroll-sepolia.infura.io/v3/6536160901c7404f8b154ef29eb0cf8d --evmPrivatekey bb12c3b54f95ef7de8ad9bf4a321e060effde2096acaa1e4d352b78d1bec4636
selecting all adapters as gigaRoot recipients. THIS WILL BREAK ON SANDBOX!!!!!!!!!!!!!!!!!!!!!!!!!
 if you dont want that, manually put in the addresses of L1Warptoad and L1AztecAdapter with the flag: --localRootProviders
{
  localRootProviders: [ "0x5Af41899Fa54Db59fD8ea1Ea0DdB3f833660eFFf", "0xFACA2e4AF1cAE0B96c1eF303442C4118A6E8E145",
    "0xD4641657D1d5944Abc9E59f73dd3Eee1014eBF27"
  ],
  payableLocalRootProviders: [ "0xD4641657D1d5944Abc9E59f73dd3Eee1014eBF27" ],
}
starting 1th L1<->L2 bridge run
{
  L1AdapterGigaBridge: "0xEc7F7cFAa21abF4005A61f6FeA3289b1650D991C",
  gigaBridge: "0xEc7F7cFAa21abF4005A61f6FeA3289b1650D991C",
}

    Doing a L1 <-> L2 bridge on 11155111 <-> 534351
        l1Wallet: 0xDEd88Be2be79249922bF4c7594DCDD80E000d6Db
        gigaBridge: 0xEc7F7cFAa21abF4005A61f6FeA3289b1650D991C
        L1Adapter: 0xD4641657D1d5944Abc9E59f73dd3Eee1014eBF27
        L2Adapter: 0x4FB96E963Fb5070a88fB543Cabc423b56101304a
        L2WarpToad: 0xaab7Ade1Fb19B9cdb6cc22b9Da623F0cd645e157
    
